[2019-05-31T10:23:15.064+0300][0.012s][info][gc] Using Serial
[2019-05-31T10:23:16.636+0300][1.584s][info][gc] GC(0) Pause Young (Allocation Failure) 546M->383M(1979M) 1120.169ms
[2019-05-31T10:23:18.373+0300][3.321s][info][gc] GC(1) Pause Young (Allocation Failure) 929M->886M(1979M) 1577.450ms
[2019-05-31T10:23:21.853+0300][6.801s][info][gc] GC(3) Pause Full (Allocation Failure) 1433M->1256M(1979M) 3336.623ms
[2019-05-31T10:23:21.853+0300][6.801s][info][gc] GC(2) Pause Young (Allocation Failure) 1433M->1256M(1979M) 3336.710ms
[2019-05-31T10:23:26.114+0300][11.063s][info][gc] GC(5) Pause Full (Allocation Failure) 1802M->1596M(1979M) 4126.813ms
[2019-05-31T10:23:26.115+0300][11.063s][info][gc] GC(4) Pause Young (Allocation Failure) 1802M->1596M(1979M) 4126.931ms
[2019-05-31T10:23:31.424+0300][16.373s][info][gc] GC(6) Pause Full (Allocation Failure) 1979M->1951M(1979M) 4751.662ms
[2019-05-31T10:23:36.369+0300][21.318s][info][gc] GC(7) Pause Full (Allocation Failure) 1979M->1904M(1979M) 4748.879ms
[2019-05-31T10:23:40.680+0300][25.629s][info][gc] GC(8) Pause Full (Allocation Failure) 1979M->1979M(1979M) 3819.221ms
[2019-05-31T10:23:44.459+0300][29.408s][info][gc] GC(9) Pause Full (Allocation Failure) 1979M->1979M(1979M) 3776.990ms
[2019-05-31T10:23:48.233+0300][33.182s][info][gc] GC(10) Pause Full (Allocation Failure) 1979M->1979M(1979M) 3773.778ms
[2019-05-31T10:23:53.103+0300][38.053s][info][gc] GC(11) Pause Full (Allocation Failure) 1979M->1960M(1979M) 4870.043ms
[2019-05-31T10:23:57.083+0300][42.033s][info][gc] GC(12) Pause Full (Allocation Failure) 1979M->1979M(1979M) 3848.078ms
[2019-05-31T10:24:00.902+0300][45.852s][info][gc] GC(13) Pause Full (Allocation Failure) 1979M->1979M(1979M) 3819.005ms
[2019-05-31T10:24:04.704+0300][49.654s][info][gc] GC(14) Pause Full (Allocation Failure) 1979M->1979M(1979M) 3801.439ms
[2019-05-31T10:24:09.585+0300][54.535s][info][gc] GC(15) Pause Full (Allocation Failure) 1979M->1975M(1979M) 4881.256ms
[2019-05-31T10:24:13.431+0300][58.382s][info][gc] GC(16) Pause Full (Allocation Failure) 1979M->1979M(1979M) 3813.575ms
[2019-05-31T10:24:17.238+0300][62.189s][info][gc] GC(17) Pause Full (Allocation Failure) 1979M->1979M(1979M) 3806.704ms
[2019-05-31T10:24:22.095+0300][67.046s][info][gc] GC(18) Pause Full (Allocation Failure) 1979M->1978M(1979M) 4857.028ms
[2019-05-31T10:24:26.956+0300][71.908s][info][gc] GC(19) Pause Full (Allocation Failure) 1979M->1979M(1979M) 4852.487ms
[2019-05-31T10:24:30.766+0300][75.718s][info][gc] GC(20) Pause Full (Allocation Failure) 1979M->1979M(1979M) 3807.809ms
[2019-05-31T10:24:34.575+0300][79.527s][info][gc] GC(21) Pause Full (Allocation Failure) 1979M->1979M(1979M) 3809.389ms
[2019-05-31T10:24:39.427+0300][84.380s][info][gc] GC(22) Pause Full (Allocation Failure) 1979M->1979M(1979M) 4852.285ms
[2019-05-31T10:24:44.248+0300][89.201s][info][gc] GC(23) Pause Full (Allocation Failure) 1979M->1979M(1979M) 4820.760ms
[2019-05-31T10:24:48.063+0300][93.016s][info][gc] GC(24) Pause Full (Allocation Failure) 1979M->1979M(1979M) 3814.391ms
[2019-05-31T10:24:51.862+0300][96.815s][info][gc] GC(25) Pause Full (Allocation Failure) 1979M->1979M(1979M) 3798.577ms
[2019-05-31T10:24:55.652+0300][100.606s][info][gc] GC(26) Pause Full (Allocation Failure) 1979M->1979M(1979M) 3790.934ms
[2019-05-31T10:24:56.289+0300][101.242s][info][gc] GC(27) Pause Full (Allocation Failure) 1979M->1M(1979M) 635.599ms
